******************************************************************************
             TMS320C2000 Linker PC v18.12.2                    
******************************************************************************
>> Linked Thu Oct  8 01:00:32 2020

OUTPUT FILE NAME:   <../F28379D_IPC_CPU2_2020a.out>
ENTRY POINT SYMBOL: "_c_int00"  address: 0008272b


MEMORY CONFIGURATION

         name            origin    length      used     unused   attr    fill
----------------------  --------  ---------  --------  --------  ----  --------
PAGE 0:
  BEGIN                 00000000   00000002  00000000  00000002  RWIX
  RAMLS_PROG            00008000   00002000  0000003b  00001fc5  RWIX
  BEGIN_FLASH           00080000   00000002  00000002  00000000  RWIX
  FLASHA_N              00080002   0003fffe  00002cbd  0003d341  RWIX
  RESET                 003fffc0   00000002  00000000  00000002  RWIX

PAGE 1:
  BOOT_RSVD             00000002   0000007e  00000000  0000007e  RWIX
  RAMM0M1               00000080   00000780  00000200  00000580  RWIX
  ADCA_RESULT           00000b00   00000020  00000018  00000008  RWIX
  ADCB_RESULT           00000b20   00000020  00000018  00000008  RWIX
  ADCC_RESULT           00000b40   00000020  00000018  00000008  RWIX
  ADCD_RESULT           00000b60   00000020  00000018  00000008  RWIX
  CPU_TIMER0            00000c00   00000008  00000008  00000000  RWIX
  CPU_TIMER1            00000c08   00000008  00000008  00000000  RWIX
  CPU_TIMER2            00000c10   00000008  00000008  00000000  RWIX
  PIE_CTRL              00000ce0   00000020  0000001a  00000006  RWIX
  PIE_VECT              00000d00   00000200  00000000  00000200  RWIX
  DMA                   00001000   00000200  000000e0  00000120  RWIX
  CLA1                  00001400   00000040  0000003e  00000002  RWIX
  CLA1_MSGRAMLOW        00001480   00000080  00000000  00000080  RWIX
  CLA1_MSGRAMHIGH       00001500   00000080  00000000  00000080  RWIX
  EPWM1                 00004000   00000100  00000100  00000000  RWIX
  EPWM2                 00004100   00000100  00000100  00000000  RWIX
  EPWM3                 00004200   00000100  00000100  00000000  RWIX
  EPWM4                 00004300   00000100  00000100  00000000  RWIX
  EPWM5                 00004400   00000100  00000100  00000000  RWIX
  EPWM6                 00004500   00000100  00000100  00000000  RWIX
  EPWM7                 00004600   00000100  00000100  00000000  RWIX
  EPWM8                 00004700   00000100  00000100  00000000  RWIX
  EPWM9                 00004800   00000100  00000100  00000000  RWIX
  EPWM10                00004900   00000100  00000100  00000000  RWIX
  EPWM11                00004a00   00000100  00000100  00000000  RWIX
  EPWM12                00004b00   00000100  00000100  00000000  RWIX
  ECAP1                 00005000   00000020  00000020  00000000  RWIX
  ECAP2                 00005020   00000020  00000020  00000000  RWIX
  ECAP3                 00005040   00000020  00000020  00000000  RWIX
  ECAP4                 00005060   00000020  00000020  00000000  RWIX
  ECAP5                 00005080   00000020  00000020  00000000  RWIX
  ECAP6                 000050a0   00000020  00000020  00000000  RWIX
  EQEP1                 00005100   00000040  00000022  0000001e  RWIX
  EQEP2                 00005140   00000040  00000022  0000001e  RWIX
  EQEP3                 00005180   00000040  00000022  0000001e  RWIX
  DACA                  00005c00   00000010  00000008  00000008  RWIX
  DACB                  00005c10   00000010  00000008  00000008  RWIX
  DACC                  00005c20   00000010  00000008  00000008  RWIX
  CMPSS1                00005c80   00000020  00000020  00000000  RWIX
  CMPSS2                00005ca0   00000020  00000020  00000000  RWIX
  CMPSS3                00005cc0   00000020  00000020  00000000  RWIX
  CMPSS4                00005ce0   00000020  00000020  00000000  RWIX
  CMPSS5                00005d00   00000020  00000020  00000000  RWIX
  CMPSS6                00005d20   00000020  00000020  00000000  RWIX
  CMPSS7                00005d40   00000020  00000020  00000000  RWIX
  CMPSS8                00005d60   00000020  00000020  00000000  RWIX
  SDFM1                 00005e00   00000080  00000080  00000000  RWIX
  SDFM2                 00005e80   00000080  00000080  00000000  RWIX
  MCBSPA                00006000   00000040  00000024  0000001c  RWIX
  MCBSPB                00006040   00000040  00000024  0000001c  RWIX
  SPIA                  00006100   00000010  00000010  00000000  RWIX
  SPIB                  00006110   00000010  00000010  00000000  RWIX
  SPIC                  00006120   00000010  00000010  00000000  RWIX
  SPID                  00006130   00000010  00000000  00000010  RWIX
  UPP                   00006200   00000100  00000000  00000100  RWIX
  WD                    00007000   00000040  0000002b  00000015  RWIX
  NMIINTRUPT            00007060   00000010  00000007  00000009  RWIX
  XINT                  00007070   00000010  0000000b  00000005  RWIX
  SCIA                  00007200   00000010  00000010  00000000  RWIX
  SCIB                  00007210   00000010  00000010  00000000  RWIX
  SCIC                  00007220   00000010  00000010  00000000  RWIX
  SCID                  00007230   00000010  00000010  00000000  RWIX
  I2CA                  00007300   00000040  00000022  0000001e  RWIX
  I2CB                  00007340   00000040  00000022  0000001e  RWIX
  ADCA                  00007400   00000080  00000080  00000000  RWIX
  ADCB                  00007480   00000080  00000080  00000000  RWIX
  ADCC                  00007500   00000080  00000080  00000000  RWIX
  ADCD                  00007580   00000080  00000080  00000000  RWIX
  INPUT_XBAR            00007900   00000020  00000000  00000020  RWIX
  XBAR                  00007920   00000020  00000000  00000020  RWIX
  SYNC_SOC              00007940   00000010  00000000  00000010  RWIX
  DMACLASRCSEL          00007980   00000040  0000001a  00000026  RWIX
  EPWM_XBAR             00007a00   00000040  00000000  00000040  RWIX
  CLB_XBAR              00007a40   00000040  00000000  00000040  RWIX
  OUTPUT_XBAR           00007a80   00000040  00000000  00000040  RWIX
  GPIOCTRL              00007c00   00000180  00000000  00000180  RWIX
  GPIODAT               00007f00   00000030  00000030  00000000  RWIX
  RAMLS_DATA            0000a000   00001000  00000000  00001000  RWIX
  RAMD0D1               0000b000   00001000  00000000  00001000  RWIX
  RAMGS_IPCBuffCPU1     0000c000   00001000  00000000  00001000  RWIX
  RAMGS_IPCBuffCPU2     0000d000   00001000  00000010  00000ff0  RWIX
  RAMGS_DATA            00015000   00007000  000003fe  00006c02  RWIX
  CPU2TOCPU1RAM         0003f800   00000400  000001c0  00000240  RWIX
  CPU1TOCPU2RAM         0003fc00   00000400  00000000  00000400  RWIX
  EMIF1                 00047000   00000800  00000070  00000790  RWIX
  EMIF2                 00047800   00000800  00000070  00000790  RWIX
  IPC                   00050000   00000024  00000024  00000000  RWIX
  FLASHPUMPSEMAPHORE    00050024   00000002  00000002  00000000  RWIX
  DEV_CFG               0005d000   00000180  00000000  00000180  RWIX
  ANALOG_SUBSYS         0005d180   00000080  00000000  00000080  RWIX
  CLK_CFG               0005d200   00000100  00000032  000000ce  RWIX
  CPU_SYS               0005d300   00000100  00000082  0000007e  RWIX
  ROMPREFETCH           0005e608   00000002  00000000  00000002  RWIX
  DCSM_Z1               0005f000   00000030  00000024  0000000c  RWIX
  DCSM_Z2               0005f040   00000030  00000024  0000000c  RWIX
  DCSM_COMMON           0005f070   00000010  00000008  00000008  RWIX
  MEMCFG                0005f400   00000080  00000080  00000000  RWIX
  EMIF1CONFIG           0005f480   00000020  00000020  00000000  RWIX
  EMIF2CONFIG           0005f4a0   00000020  00000000  00000020  RWIX
  ACCESSPROTECTION      0005f4c0   00000040  00000040  00000000  RWIX
  MEMORYERROR           0005f500   00000040  00000040  00000000  RWIX
  ROMWAITSTATE          0005f540   00000002  00000000  00000002  RWIX
  FLASH0_CTRL           0005f800   00000300  00000182  0000017e  RWIX
  FLASH0_ECC            0005fb00   00000040  00000028  00000018  RWIX
  DCSM_Z1_OTP           00078000   00000020  00000020  00000000  RWIX
  DCSM_Z2_OTP           00078200   00000020  00000020  00000000  RWIX


SECTION ALLOCATION MAP

 output                                  attributes/
section   page    origin      length       input sections
--------  ----  ----------  ----------   ----------------
PieVectTableFile 
*          0    00000d00    000001c0     DSECT
                  00000d00    000001c0     F2837xD_GlobalVariableDefs.obj (PieVectTableFile)

EmuKeyVar 
*          0    00000d00    00000001     DSECT
                  00000d00    00000001     F2837xD_GlobalVariableDefs.obj (EmuKeyVar)

EmuBModeVar 
*          0    00000d01    00000001     DSECT
                  00000d01    00000001     F2837xD_GlobalVariableDefs.obj (EmuBModeVar)

FlashCallbackVar 
*          0    00000d02    00000000     DSECT

FlashScalingVar 
*          0    00000d02    00000000     DSECT

AdcaResultFile 
*          1    00000b00    00000018     UNINITIALIZED
                  00000b00    00000018     F2837xD_GlobalVariableDefs.obj (AdcaResultFile)

AdcbResultFile 
*          1    00000b20    00000018     UNINITIALIZED
                  00000b20    00000018     F2837xD_GlobalVariableDefs.obj (AdcbResultFile)

AdccResultFile 
*          1    00000b40    00000018     UNINITIALIZED
                  00000b40    00000018     F2837xD_GlobalVariableDefs.obj (AdccResultFile)

AdcdResultFile 
*          1    00000b60    00000018     UNINITIALIZED
                  00000b60    00000018     F2837xD_GlobalVariableDefs.obj (AdcdResultFile)

CpuTimer0RegsFile 
*          1    00000c00    00000008     UNINITIALIZED
                  00000c00    00000008     F2837xD_GlobalVariableDefs.obj (CpuTimer0RegsFile)

CpuTimer1RegsFile 
*          1    00000c08    00000008     UNINITIALIZED
                  00000c08    00000008     F2837xD_GlobalVariableDefs.obj (CpuTimer1RegsFile)

CpuTimer2RegsFile 
*          1    00000c10    00000008     UNINITIALIZED
                  00000c10    00000008     F2837xD_GlobalVariableDefs.obj (CpuTimer2RegsFile)

DacaRegsFile 
*          1    00005c00    00000008     UNINITIALIZED
                  00005c00    00000008     F2837xD_GlobalVariableDefs.obj (DacaRegsFile)

DacbRegsFile 
*          1    00005c10    00000008     UNINITIALIZED
                  00005c10    00000008     F2837xD_GlobalVariableDefs.obj (DacbRegsFile)

DaccRegsFile 
*          1    00005c20    00000008     UNINITIALIZED
                  00005c20    00000008     F2837xD_GlobalVariableDefs.obj (DaccRegsFile)

AdcaRegsFile 
*          1    00007400    00000080     UNINITIALIZED
                  00007400    00000080     F2837xD_GlobalVariableDefs.obj (AdcaRegsFile)

AdcbRegsFile 
*          1    00007480    00000080     UNINITIALIZED
                  00007480    00000080     F2837xD_GlobalVariableDefs.obj (AdcbRegsFile)

AdccRegsFile 
*          1    00007500    00000080     UNINITIALIZED
                  00007500    00000080     F2837xD_GlobalVariableDefs.obj (AdccRegsFile)

AdcdRegsFile 
*          1    00007580    00000080     UNINITIALIZED
                  00007580    00000080     F2837xD_GlobalVariableDefs.obj (AdcdRegsFile)

Cla1RegsFile 
*          1    00001400    0000003e     UNINITIALIZED
                  00001400    0000003e     F2837xD_GlobalVariableDefs.obj (Cla1RegsFile)

Cla1SoftIntRegsFile 
*          1    00000ce0    00000004     DSECT
                  00000ce0    00000004     F2837xD_GlobalVariableDefs.obj (Cla1SoftIntRegsFile)

codestart 
*          0    00080000    00000002     
                  00080000    00000002     F2837xD_CodeStartBranch.obj (codestart)

PieCtrlRegsFile 
*          1    00000ce0    0000001a     UNINITIALIZED
                  00000ce0    0000001a     F2837xD_GlobalVariableDefs.obj (PieCtrlRegsFile)

DmaRegsFile 
*          1    00001000    000000e0     UNINITIALIZED
                  00001000    000000e0     F2837xD_GlobalVariableDefs.obj (DmaRegsFile)

EPwm1RegsFile 
*          1    00004000    00000100     UNINITIALIZED
                  00004000    00000100     F2837xD_GlobalVariableDefs.obj (EPwm1RegsFile)

EPwm2RegsFile 
*          1    00004100    00000100     UNINITIALIZED
                  00004100    00000100     F2837xD_GlobalVariableDefs.obj (EPwm2RegsFile)

EPwm3RegsFile 
*          1    00004200    00000100     UNINITIALIZED
                  00004200    00000100     F2837xD_GlobalVariableDefs.obj (EPwm3RegsFile)

EPwm4RegsFile 
*          1    00004300    00000100     UNINITIALIZED
                  00004300    00000100     F2837xD_GlobalVariableDefs.obj (EPwm4RegsFile)

EPwm5RegsFile 
*          1    00004400    00000100     UNINITIALIZED
                  00004400    00000100     F2837xD_GlobalVariableDefs.obj (EPwm5RegsFile)

EPwm6RegsFile 
*          1    00004500    00000100     UNINITIALIZED
                  00004500    00000100     F2837xD_GlobalVariableDefs.obj (EPwm6RegsFile)

EPwm7RegsFile 
*          1    00004600    00000100     UNINITIALIZED
                  00004600    00000100     F2837xD_GlobalVariableDefs.obj (EPwm7RegsFile)

EPwm8RegsFile 
*          1    00004700    00000100     UNINITIALIZED
                  00004700    00000100     F2837xD_GlobalVariableDefs.obj (EPwm8RegsFile)

EPwm9RegsFile 
*          1    00004800    00000100     UNINITIALIZED
                  00004800    00000100     F2837xD_GlobalVariableDefs.obj (EPwm9RegsFile)

EPwm10RegsFile 
*          1    00004900    00000100     UNINITIALIZED
                  00004900    00000100     F2837xD_GlobalVariableDefs.obj (EPwm10RegsFile)

EPwm11RegsFile 
*          1    00004a00    00000100     UNINITIALIZED
                  00004a00    00000100     F2837xD_GlobalVariableDefs.obj (EPwm11RegsFile)

EPwm12RegsFile 
*          1    00004b00    00000100     UNINITIALIZED
                  00004b00    00000100     F2837xD_GlobalVariableDefs.obj (EPwm12RegsFile)

ECap1RegsFile 
*          1    00005000    00000020     UNINITIALIZED
                  00005000    00000020     F2837xD_GlobalVariableDefs.obj (ECap1RegsFile)

ECap2RegsFile 
*          1    00005020    00000020     UNINITIALIZED
                  00005020    00000020     F2837xD_GlobalVariableDefs.obj (ECap2RegsFile)

ECap3RegsFile 
*          1    00005040    00000020     UNINITIALIZED
                  00005040    00000020     F2837xD_GlobalVariableDefs.obj (ECap3RegsFile)

ECap4RegsFile 
*          1    00005060    00000020     UNINITIALIZED
                  00005060    00000020     F2837xD_GlobalVariableDefs.obj (ECap4RegsFile)

ECap5RegsFile 
*          1    00005080    00000020     UNINITIALIZED
                  00005080    00000020     F2837xD_GlobalVariableDefs.obj (ECap5RegsFile)

ECap6RegsFile 
*          1    000050a0    00000020     UNINITIALIZED
                  000050a0    00000020     F2837xD_GlobalVariableDefs.obj (ECap6RegsFile)

Cmpss1RegsFile 
*          1    00005c80    00000020     UNINITIALIZED
                  00005c80    00000020     F2837xD_GlobalVariableDefs.obj (Cmpss1RegsFile)

Cmpss2RegsFile 
*          1    00005ca0    00000020     UNINITIALIZED
                  00005ca0    00000020     F2837xD_GlobalVariableDefs.obj (Cmpss2RegsFile)

Cmpss3RegsFile 
*          1    00005cc0    00000020     UNINITIALIZED
                  00005cc0    00000020     F2837xD_GlobalVariableDefs.obj (Cmpss3RegsFile)

Cmpss4RegsFile 
*          1    00005ce0    00000020     UNINITIALIZED
                  00005ce0    00000020     F2837xD_GlobalVariableDefs.obj (Cmpss4RegsFile)

Cmpss5RegsFile 
*          1    00005d00    00000020     UNINITIALIZED
                  00005d00    00000020     F2837xD_GlobalVariableDefs.obj (Cmpss5RegsFile)

Cmpss6RegsFile 
*          1    00005d20    00000020     UNINITIALIZED
                  00005d20    00000020     F2837xD_GlobalVariableDefs.obj (Cmpss6RegsFile)

Cmpss7RegsFile 
*          1    00005d40    00000020     UNINITIALIZED
                  00005d40    00000020     F2837xD_GlobalVariableDefs.obj (Cmpss7RegsFile)

Cmpss8RegsFile 
*          1    00005d60    00000020     UNINITIALIZED
                  00005d60    00000020     F2837xD_GlobalVariableDefs.obj (Cmpss8RegsFile)

Sdfm1RegsFile 
*          1    00005e00    00000080     UNINITIALIZED
                  00005e00    00000080     F2837xD_GlobalVariableDefs.obj (Sdfm1RegsFile)

Sdfm2RegsFile 
*          1    00005e80    00000080     UNINITIALIZED
                  00005e80    00000080     F2837xD_GlobalVariableDefs.obj (Sdfm2RegsFile)

SpiaRegsFile 
*          1    00006100    00000010     UNINITIALIZED
                  00006100    00000010     F2837xD_GlobalVariableDefs.obj (SpiaRegsFile)

SpibRegsFile 
*          1    00006110    00000010     UNINITIALIZED
                  00006110    00000010     F2837xD_GlobalVariableDefs.obj (SpibRegsFile)

SpicRegsFile 
*          1    00006120    00000010     UNINITIALIZED
                  00006120    00000010     F2837xD_GlobalVariableDefs.obj (SpicRegsFile)

DmaClaSrcSelRegsFile 
*          1    00007980    0000001a     UNINITIALIZED
                  00007980    0000001a     F2837xD_GlobalVariableDefs.obj (DmaClaSrcSelRegsFile)

Emif1RegsFile 
*          1    00047000    00000070     UNINITIALIZED
                  00047000    00000070     F2837xD_GlobalVariableDefs.obj (Emif1RegsFile)

Emif2RegsFile 
*          1    00047800    00000070     UNINITIALIZED
                  00047800    00000070     F2837xD_GlobalVariableDefs.obj (Emif2RegsFile)

DcsmZ1RegsFile 
*          1    0005f000    00000024     UNINITIALIZED
                  0005f000    00000024     F2837xD_GlobalVariableDefs.obj (DcsmZ1RegsFile)

DcsmZ2RegsFile 
*          1    0005f040    00000024     UNINITIALIZED
                  0005f040    00000024     F2837xD_GlobalVariableDefs.obj (DcsmZ2RegsFile)

DcsmCommonRegsFile 
*          1    0005f070    00000008     UNINITIALIZED
                  0005f070    00000008     F2837xD_GlobalVariableDefs.obj (DcsmCommonRegsFile)

DcsmZ1OtpFile 
*          1    00078000    00000020     NOLOAD SECTION
                  00078000    00000020     F2837xD_GlobalVariableDefs.obj (DcsmZ1OtpFile)

DcsmZ2OtpFile 
*          1    00078200    00000020     NOLOAD SECTION
                  00078200    00000020     F2837xD_GlobalVariableDefs.obj (DcsmZ2OtpFile)

EQep1RegsFile 
*          1    00005100    00000022     UNINITIALIZED
                  00005100    00000022     F2837xD_GlobalVariableDefs.obj (EQep1RegsFile)

EQep2RegsFile 
*          1    00005140    00000022     UNINITIALIZED
                  00005140    00000022     F2837xD_GlobalVariableDefs.obj (EQep2RegsFile)

EQep3RegsFile 
*          1    00005180    00000022     UNINITIALIZED
                  00005180    00000022     F2837xD_GlobalVariableDefs.obj (EQep3RegsFile)

Flash0CtrlRegsFile 
*          1    0005f800    00000182     UNINITIALIZED
                  0005f800    00000182     F2837xD_GlobalVariableDefs.obj (Flash0CtrlRegsFile)

Flash0EccRegsFile 
*          1    0005fb00    00000028     UNINITIALIZED
                  0005fb00    00000028     F2837xD_GlobalVariableDefs.obj (Flash0EccRegsFile)

GpioDataRegsFile 
*          1    00007f00    00000030     UNINITIALIZED
                  00007f00    00000030     F2837xD_GlobalVariableDefs.obj (GpioDataRegsFile)

I2caRegsFile 
*          1    00007300    00000022     UNINITIALIZED
                  00007300    00000022     F2837xD_GlobalVariableDefs.obj (I2caRegsFile)

I2cbRegsFile 
*          1    00007340    00000022     UNINITIALIZED
                  00007340    00000022     F2837xD_GlobalVariableDefs.obj (I2cbRegsFile)

IpcRegsFile 
*          1    00050000    00000024     UNINITIALIZED
                  00050000    00000024     F2837xD_GlobalVariableDefs.obj (IpcRegsFile)

FlashPumpSemaphoreRegsFile 
*          1    00050024    00000002     UNINITIALIZED
                  00050024    00000002     F2837xD_GlobalVariableDefs.obj (FlashPumpSemaphoreRegsFile)

MemCfgRegsFile 
*          1    0005f400    00000080     UNINITIALIZED
                  0005f400    00000080     F2837xD_GlobalVariableDefs.obj (MemCfgRegsFile)

Emif1ConfigRegsFile 
*          1    0005f480    00000020     UNINITIALIZED
                  0005f480    00000020     F2837xD_GlobalVariableDefs.obj (Emif1ConfigRegsFile)

AccessProtectionRegsFile 
*          1    0005f4c0    00000040     UNINITIALIZED
                  0005f4c0    00000040     F2837xD_GlobalVariableDefs.obj (AccessProtectionRegsFile)

MemoryErrorRegsFile 
*          1    0005f500    00000040     UNINITIALIZED
                  0005f500    00000040     F2837xD_GlobalVariableDefs.obj (MemoryErrorRegsFile)

McbspaRegsFile 
*          1    00006000    00000024     UNINITIALIZED
                  00006000    00000024     F2837xD_GlobalVariableDefs.obj (McbspaRegsFile)

McbspbRegsFile 
*          1    00006040    00000024     UNINITIALIZED
                  00006040    00000024     F2837xD_GlobalVariableDefs.obj (McbspbRegsFile)

NmiIntruptRegsFile 
*          1    00007060    00000007     UNINITIALIZED
                  00007060    00000007     F2837xD_GlobalVariableDefs.obj (NmiIntruptRegsFile)

SciaRegsFile 
*          1    00007200    00000010     UNINITIALIZED
                  00007200    00000010     F2837xD_GlobalVariableDefs.obj (SciaRegsFile)

ScibRegsFile 
*          1    00007210    00000010     UNINITIALIZED
                  00007210    00000010     F2837xD_GlobalVariableDefs.obj (ScibRegsFile)

ScicRegsFile 
*          1    00007220    00000010     UNINITIALIZED
                  00007220    00000010     F2837xD_GlobalVariableDefs.obj (ScicRegsFile)

ScidRegsFile 
*          1    00007230    00000010     UNINITIALIZED
                  00007230    00000010     F2837xD_GlobalVariableDefs.obj (ScidRegsFile)

ClkCfgRegsFile 
*          1    0005d200    00000032     UNINITIALIZED
                  0005d200    00000032     F2837xD_GlobalVariableDefs.obj (ClkCfgRegsFile)

CpuSysRegsFile 
*          1    0005d300    00000082     UNINITIALIZED
                  0005d300    00000082     F2837xD_GlobalVariableDefs.obj (CpuSysRegsFile)

WdRegsFile 
*          1    00007000    0000002b     UNINITIALIZED
                  00007000    0000002b     F2837xD_GlobalVariableDefs.obj (WdRegsFile)

XintRegsFile 
*          1    00007070    0000000b     UNINITIALIZED
                  00007070    0000000b     F2837xD_GlobalVariableDefs.obj (XintRegsFile)

.cinit     0    00082c60    00000067     
                  00082c60    0000001c     MW_c28xIPC.obj (.cinit)
                  00082c7c    00000019     F28379D_IPC_CPU2_2020a_data.obj (.cinit)
                  00082c95    0000000e     rts2800_fpu32.lib : exit.c.obj (.cinit)
                  00082ca3    00000006     ert_main.obj (.cinit:_isRateRunning)
                  00082ca9    00000006     ert_main.obj (.cinit:_need2runFlags)
                  00082caf    00000005     rts2800_fpu32.lib : _lock.c.obj (.cinit:__lock)
                  00082cb4    00000005                       : _lock.c.obj (.cinit:__unlock)
                  00082cb9    00000004     MW_c28xGPIO.obj (.cinit)
                  00082cbd    00000004     ert_main.obj (.cinit)
                  00082cc1    00000004     rts2800_fpu32.lib : errno.c.obj (.cinit)
                  00082cc5    00000002     --HOLE-- [fill = 0]

.pinit     0    00080004    00000000     UNINITIALIZED

.text      0    00080004    000029e9     
                  00080004    0000077e     F28379D_IPC_CPU2_2020a.obj (.text)
                  00080782    00000585     F2837xD_DefaultISR.obj (.text:retain)
                  00080d07    00000522     can.obj (.text)
                  00081229    000003f5     MW_c28xIPC.obj (.text)
                  0008161e    00000369     rts2800_fpu32.lib : e_powf.c.obj (.text)
                  00081987    00000320     F2837xD_Ipc_Driver_Lite.obj (.text)
                  00081ca7    0000025d     F2837xD_SysCtrl.obj (.text)
                  00081f04    0000021b     uint16Tofloat16.obj (.text)
                  0008211f    000001ce     interrupt.obj (.text)
                  000822ed    00000098     ert_main.obj (.text)
                  00082385    00000092     rt_nonfinite.obj (.text)
                  00082417    00000088     rts2800_fpu32.lib : fs_div28.asm.obj (.text)
                  0008249f    00000080     c2837xDBoard_Realtime_Support.obj (.text)
                  0008251f    0000007c     F2837xD_CpuTimers.obj (.text)
                  0008259b    00000072     c2837xDSchedulerTimer0.obj (.text)
                  0008260d    0000006d     MW_c28xx_can.obj (.text)
                  0008267a    00000059     rts2800_fpu32.lib : s_floorf.c.obj (.text)
                  000826d3    00000058                       : s_scalbnf.c.obj (.text)
                  0008272b    00000056                       : boot28.asm.obj (.text)
                  00082781    00000046     MW_c28xx_csl.obj (.text:retain)
                  000827c7    00000044     c2837xDSchedulerTimer0.obj (.text:retain)
                  0008280b    00000044     rtGetInf.obj (.text)
                  0008284f    0000002a     MW_c28xx_board.obj (.text)
                  00082879    0000002a     rtGetNaN.obj (.text)
                  000828a3    00000029     rts2800_fpu32.lib : exit.c.obj (.text)
                  000828cc    00000028     F2837xD_PieCtrl.obj (.text)
                  000828f4    00000027     rts2800_fpu32.lib : e_sqrtf.c.obj (.text)
                  0008291b    00000026     F2837xD_PieVect.obj (.text)
                  00082941    00000024     rts2800_fpu32.lib : cpy_tbl.c.obj (.text)
                  00082965    0000001e     MW_c28xx_csl.obj (.text)
                  00082983    0000001d     rts2800_fpu32.lib : memcpy.c.obj (.text)
                  000829a0    00000019                       : args_main.c.obj (.text)
                  000829b9    00000011                       : s_copysignf.c.obj (.text)
                  000829ca    0000000f     interrupt.obj (.text:retain)
                  000829d9    00000009     rts2800_fpu32.lib : _lock.c.obj (.text)
                  000829e2    00000008     F2837xD_CodeStartBranch.obj (.text)
                  000829ea    00000002     rts2800_fpu32.lib : pre_init.c.obj (.text)
                  000829ec    00000001                       : startup.c.obj (.text)

ramfuncs   0    000829f0    0000003b     RUN ADDR = 00008000
                  000829f0    00000037     F2837xD_SysCtrl.obj (ramfuncs)
                  00082a27    00000004     F2837xD_usDelay.obj (ramfuncs)

.econst    0    00082a2c    00000232     
                  00082a2c    000001c0     F2837xD_PieVect.obj (.econst:_PieVectTableInit)
                  00082bec    00000032     rts2800_fpu32.lib : e_powf.c.obj (.econst)
                  00082c1e    00000012     F28379D_IPC_CPU2_2020a.obj (.econst:_rt_ODE3_B$2)
                  00082c30    00000009     can.obj (.econst:_g_ui16CANBitValues)
                  00082c39    00000001     --HOLE-- [fill = 0]
                  00082c3a    00000006     F28379D_IPC_CPU2_2020a.obj (.econst:_rt_ODE3_A$1)
                  00082c40    00000006     rts2800_fpu32.lib : s_scalbnf.c.obj (.econst)
                  00082c46    00000005     F28379D_IPC_CPU2_2020a.obj (.econst:.string)
                  00082c4b    00000001     --HOLE-- [fill = 0]
                  00082c4c    00000004     rts2800_fpu32.lib : e_powf.c.obj (.econst:_bp)
                  00082c50    00000004                       : e_powf.c.obj (.econst:_dp_h)
                  00082c54    00000004                       : e_powf.c.obj (.econst:_dp_l)
                  00082c58    00000002     F28379D_IPC_CPU2_2020a.obj (.econst)
                  00082c5a    00000002     rtGetNaN.obj (.econst:_$P$T0$1)
                  00082c5c    00000002     rts2800_fpu32.lib : s_floorf.c.obj (.econst)

.stack     1    00000080    00000200     UNINITIALIZED
                  00000080    00000200     --HOLE--

.reset     0    003fffc0    00000002     DSECT
                  003fffc0    00000002     rts2800_fpu32.lib : boot28.asm.obj (.reset)

PUTBUFFER 
*          1    0003f800    00000100     UNINITIALIZED
                  0003f800    00000100     MW_c28xIPC.obj (PUTBUFFER)

PUTWRITEIDX 
*          1    0003f900    00000020     UNINITIALIZED
                  0003f900    00000020     MW_c28xIPC.obj (PUTWRITEIDX)

GETREADIDX 
*          1    0003f920    00000020     UNINITIALIZED
                  0003f920    00000020     MW_c28xIPC.obj (GETREADIDX)

WRITEFLAG1CPU2 
*          1    0003f940    00000020     UNINITIALIZED
                  0003f940    00000020     MW_c28xIPC.obj (WRITEFLAG1CPU2)

WRITEFLAG2CPU2 
*          1    0003f960    00000020     UNINITIALIZED
                  0003f960    00000020     MW_c28xIPC.obj (WRITEFLAG2CPU2)

READFLAG1CPU2 
*          1    0003f980    00000020     UNINITIALIZED
                  0003f980    00000020     MW_c28xIPC.obj (READFLAG1CPU2)

READFLAG2CPU2 
*          1    0003f9a0    00000020     UNINITIALIZED
                  0003f9a0    00000020     MW_c28xIPC.obj (READFLAG2CPU2)

GETBUFFER 
*          0    0003fc00    00000100     DSECT
                  0003fc00    00000100     MW_c28xIPC.obj (GETBUFFER)

GETWRITEIDX 
*          0    0003fd00    00000020     DSECT
                  0003fd00    00000020     MW_c28xIPC.obj (GETWRITEIDX)

PUTREADIDX 
*          0    0003fd20    00000020     DSECT
                  0003fd20    00000020     MW_c28xIPC.obj (PUTREADIDX)

WRITEFLAG1CPU1 
*          0    0003fd40    00000020     DSECT
                  0003fd40    00000020     MW_c28xIPC.obj (WRITEFLAG1CPU1)

WRITEFLAG2CPU1 
*          0    0003fd60    00000020     DSECT
                  0003fd60    00000020     MW_c28xIPC.obj (WRITEFLAG2CPU1)

READFLAG1CPU1 
*          0    0003fd80    00000020     DSECT
                  0003fd80    00000020     MW_c28xIPC.obj (READFLAG1CPU1)

READFLAG2CPU1 
*          0    0003fda0    00000020     DSECT
                  0003fda0    00000020     MW_c28xIPC.obj (READFLAG2CPU1)

CPU2TOCPU1GSRAM 
*          1    0000d000    00000010     UNINITIALIZED
                  0000d000    00000010     MW_c28xIPC.obj (CPU2TOCPU1GSRAM)

.ebss      1    00015000    000003fe     UNINITIALIZED
                  00015000    000001c0     MW_c28xIPC.obj (.ebss:_mwIpcControllerTx)
                  000151c0    0000015c     F28379D_IPC_CPU2_2020a.obj (.ebss)
                  0001531c    00000018     F2837xD_CpuTimers.obj (.ebss)
                  00015334    0000000c     rt_nonfinite.obj (.ebss)
                  00015340    00000040     MW_c28xIPC.obj (.ebss:_IpcGSlocation1)
                  00015380    00000040     MW_c28xIPC.obj (.ebss:_IpcGSlocation2)
                  000153c0    00000016     F28379D_IPC_CPU2_2020a_data.obj (.ebss)
                  000153d6    00000010     can_datatype_ground.obj (.ebss)
                  000153e6    00000006     rts2800_fpu32.lib : exit.c.obj (.ebss)
                  000153ec    00000003     MW_c28xIPC.obj (.ebss)
                  000153ef    00000003     ert_main.obj (.ebss:_isRateRunning)
                  000153f2    00000003     ert_main.obj (.ebss:_need2runFlags)
                  000153f5    00000003     ert_main.obj (.ebss)
                  000153f8    00000002     rts2800_fpu32.lib : _lock.c.obj (.ebss:__lock)
                  000153fa    00000002                       : _lock.c.obj (.ebss:__unlock)
                  000153fc    00000001     MW_c28xGPIO.obj (.ebss)
                  000153fd    00000001     rts2800_fpu32.lib : errno.c.obj (.ebss)

MODULE SUMMARY

       Module                              code    initialized data   uninitialized data
       ------                              ----    ----------------   ------------------
    <current directory>
       F2837xD_GlobalVariableDefs.obj      0       0                  6533              
       F28379D_IPC_CPU2_2020a.obj          1918    31                 348               
       MW_c28xIPC.obj                      1013    28                 1043              
       F2837xD_DefaultISR.obj              1413    0                  0                 
       can.obj                             1314    9                  0                 
       F2837xD_Ipc_Driver_Lite.obj         800     0                  0                 
       F2837xD_SysCtrl.obj                 715     0                  0                 
       uint16Tofloat16.obj                 539     0                  0                 
       F2837xD_PieVect.obj                 38      448                0                 
       interrupt.obj                       477     0                  0                 
       c2837xDSchedulerTimer0.obj          182     0                  0                 
       ert_main.obj                        152     16                 9                 
       rt_nonfinite.obj                    146     0                  12                
       F2837xD_CpuTimers.obj               124     0                  24                
       c2837xDBoard_Realtime_Support.obj   128     0                  0                 
       MW_c28xx_can.obj                    109     0                  0                 
       MW_c28xx_csl.obj                    100     0                  0                 
       rtGetInf.obj                        68      0                  0                 
       F28379D_IPC_CPU2_2020a_data.obj     0       25                 22                
       rtGetNaN.obj                        42      2                  0                 
       MW_c28xx_board.obj                  42      0                  0                 
       F2837xD_PieCtrl.obj                 40      0                  0                 
       can_datatype_ground.obj             0       0                  16                
       F2837xD_CodeStartBranch.obj         10      0                  0                 
       F2837xD_usDelay.obj                 8       0                  0                 
       MW_c28xGPIO.obj                     0       4                  1                 
    +--+-----------------------------------+-------+------------------+--------------------+
       Total:                              9378    563                8008              
                                                                                        
    C:/PROGRA~3/MATLAB/SUPPOR~1/R2020a/3P778C~1.INS/TIC200~1.INS/TI-CGT~1.LTS/lib/rts2800_fpu32.lib
       e_powf.c.obj                        873     62                 0                 
       fs_div28.asm.obj                    136     0                  0                 
       s_scalbnf.c.obj                     88      6                  0                 
       s_floorf.c.obj                      89      2                  0                 
       boot28.asm.obj                      86      0                  0                 
       exit.c.obj                          41      14                 6                 
       e_sqrtf.c.obj                       39      0                  0                 
       cpy_tbl.c.obj                       36      0                  0                 
       memcpy.c.obj                        29      0                  0                 
       args_main.c.obj                     25      0                  0                 
       _lock.c.obj                         9       10                 4                 
       s_copysignf.c.obj                   17      0                  0                 
       errno.c.obj                         0       4                  1                 
       pre_init.c.obj                      2       0                  0                 
       startup.c.obj                       1       0                  0                 
    +--+-----------------------------------+-------+------------------+--------------------+
       Total:                              1471    98                 11                
                                                                                        
       Stack:                              0       0                  512               
    +--+-----------------------------------+-------+------------------+--------------------+
       Grand Total:                        10849   661                8531              


GLOBAL DATA SYMBOLS: SORTED BY DATA PAGE

address     data page           name
--------    ----------------    ----
00000080       2 (00000080)     __stack

00000b00      2c (00000b00)     _AdcaResultRegs
00000b20      2c (00000b00)     _AdcbResultRegs

00000b40      2d (00000b40)     _AdccResultRegs
00000b60      2d (00000b40)     _AdcdResultRegs

00000c00      30 (00000c00)     _CpuTimer0Regs
00000c08      30 (00000c00)     _CpuTimer1Regs
00000c10      30 (00000c00)     _CpuTimer2Regs

00000ce0      33 (00000cc0)     _Cla1SoftIntRegs
00000ce0      33 (00000cc0)     _PieCtrlRegs

00000d00      34 (00000d00)     _EmuKey
00000d00      34 (00000d00)     _PieVectTable
00000d01      34 (00000d00)     _EmuBMode

00001000      40 (00001000)     _DmaRegs

00001400      50 (00001400)     _Cla1Regs

00004000     100 (00004000)     _EPwm1Regs

00004100     104 (00004100)     _EPwm2Regs

00004200     108 (00004200)     _EPwm3Regs

00004300     10c (00004300)     _EPwm4Regs

00004400     110 (00004400)     _EPwm5Regs

00004500     114 (00004500)     _EPwm6Regs

00004600     118 (00004600)     _EPwm7Regs

00004700     11c (00004700)     _EPwm8Regs

00004800     120 (00004800)     _EPwm9Regs

00004900     124 (00004900)     _EPwm10Regs

00004a00     128 (00004a00)     _EPwm11Regs

00004b00     12c (00004b00)     _EPwm12Regs

00005000     140 (00005000)     _ECap1Regs
00005020     140 (00005000)     _ECap2Regs

00005040     141 (00005040)     _ECap3Regs
00005060     141 (00005040)     _ECap4Regs

00005080     142 (00005080)     _ECap5Regs
000050a0     142 (00005080)     _ECap6Regs

00005100     144 (00005100)     _EQep1Regs

00005140     145 (00005140)     _EQep2Regs

00005180     146 (00005180)     _EQep3Regs

00005c00     170 (00005c00)     _DacaRegs
00005c10     170 (00005c00)     _DacbRegs
00005c20     170 (00005c00)     _DaccRegs

00005c80     172 (00005c80)     _Cmpss1Regs
00005ca0     172 (00005c80)     _Cmpss2Regs

00005cc0     173 (00005cc0)     _Cmpss3Regs
00005ce0     173 (00005cc0)     _Cmpss4Regs

00005d00     174 (00005d00)     _Cmpss5Regs
00005d20     174 (00005d00)     _Cmpss6Regs

00005d40     175 (00005d40)     _Cmpss7Regs
00005d60     175 (00005d40)     _Cmpss8Regs

00005e00     178 (00005e00)     _Sdfm1Regs

00005e80     17a (00005e80)     _Sdfm2Regs

00006000     180 (00006000)     _McbspaRegs

00006040     181 (00006040)     _McbspbRegs

00006100     184 (00006100)     _SpiaRegs
00006110     184 (00006100)     _SpibRegs
00006120     184 (00006100)     _SpicRegs

00007000     1c0 (00007000)     _WdRegs

00007060     1c1 (00007040)     _NmiIntruptRegs
00007070     1c1 (00007040)     _XintRegs

00007200     1c8 (00007200)     _SciaRegs
00007210     1c8 (00007200)     _ScibRegs
00007220     1c8 (00007200)     _ScicRegs
00007230     1c8 (00007200)     _ScidRegs

00007300     1cc (00007300)     _I2caRegs

00007340     1cd (00007340)     _I2cbRegs

00007400     1d0 (00007400)     _AdcaRegs

00007480     1d2 (00007480)     _AdcbRegs

00007500     1d4 (00007500)     _AdccRegs

00007580     1d6 (00007580)     _AdcdRegs

00007980     1e6 (00007980)     _DmaClaSrcSelRegs

00007f00     1fc (00007f00)     _GpioDataRegs

0000d000     340 (0000d000)     _mwChannel1Buff1
0000d008     340 (0000d000)     _mwChannel1Buff2

00015000     540 (00015000)     _mwCMIpcControllerTx
00015000     540 (00015000)     _mwIpcControllerTx

000151c0     547 (000151c0)     _F28379D_IPC_CPU2_2020a_X
000151c2     547 (000151c0)     _F28379D_IPC_CPU2_2020a_DWork

00015200     548 (00015200)     _F28379D_IPC_CPU2_2020a_B

00015280     54a (00015280)     _F28379D_IPC_CPU2_2020a_M_

0001531c     54c (00015300)     _CpuTimer0
00015324     54c (00015300)     _CpuTimer1
0001532c     54c (00015300)     _CpuTimer2
00015334     54c (00015300)     _rtInf
00015336     54c (00015300)     _rtMinusInf
00015338     54c (00015300)     _rtNaN
0001533a     54c (00015300)     _rtInfF
0001533c     54c (00015300)     _rtMinusInfF
0001533e     54c (00015300)     _rtNaNF

00015340     54d (00015340)     _IpcGSlocation1

00015380     54e (00015380)     _IpcGSlocation2

000153c0     54f (000153c0)     _F28379D_IPC_CPU2_2020a_P
000153d6     54f (000153c0)     _CAN_DATATYPE_GROUND
000153e6     54f (000153c0)     ___TI_enable_exit_profile_output
000153e8     54f (000153c0)     ___TI_cleanup_ptr
000153ea     54f (000153c0)     ___TI_dtors_ptr
000153ec     54f (000153c0)     _tempChNum_write
000153ed     54f (000153c0)     _tempChNum_read
000153ee     54f (000153c0)     _isInitialized
000153ef     54f (000153c0)     _isRateRunning
000153f2     54f (000153c0)     _need2runFlags
000153f5     54f (000153c0)     _IsrOverrun
000153f6     54f (000153c0)     _stopRequested
000153f7     54f (000153c0)     _runModel
000153f8     54f (000153c0)     __lock
000153fa     54f (000153c0)     __unlock
000153fc     54f (000153c0)     _GPIO_oneTimeInit
000153fd     54f (000153c0)     _errno

0003f800     fe0 (0003f800)     _MW_IPCCPU2toCPU1Buffers

0003f900     fe4 (0003f900)     _MW_PutWriteIndexes
0003f920     fe4 (0003f900)     _MW_GetReadIndexes

0003f940     fe5 (0003f940)     _MW_WRITEFLAGBUFF1
0003f960     fe5 (0003f940)     _MW_WRITEFLAGBUFF2

0003f980     fe6 (0003f980)     _MW_READFLAGBUFF1
0003f9a0     fe6 (0003f980)     _MW_READFLAGBUFF2

0003fc00     ff0 (0003fc00)     _MW_IPCCPU1toCPU2Buffers

0003fd00     ff4 (0003fd00)     _MW_GetWriteIndexes
0003fd20     ff4 (0003fd00)     _MW_PutReadIndexes

0003fd40     ff5 (0003fd40)     _MW_WRITESTATUSBUFF1
0003fd60     ff5 (0003fd40)     _MW_WRITESTATUSBUFF2

0003fd80     ff6 (0003fd80)     _MW_READSTATUSBUFF1
0003fda0     ff6 (0003fd80)     _MW_READSTATUSBUFF2

00047000    11c0 (00047000)     _Emif1Regs

00047800    11e0 (00047800)     _Emif2Regs

00050000    1400 (00050000)     _IpcRegs
00050024    1400 (00050000)     _FlashPumpSemaphoreRegs

0005d200    1748 (0005d200)     _ClkCfgRegs

0005d300    174c (0005d300)     _CpuSysRegs

0005f000    17c0 (0005f000)     _DcsmZ1Regs

0005f040    17c1 (0005f040)     _DcsmZ2Regs
0005f070    17c1 (0005f040)     _DcsmCommonRegs

0005f400    17d0 (0005f400)     _MemCfgRegs

0005f480    17d2 (0005f480)     _Emif1ConfigRegs

0005f4c0    17d3 (0005f4c0)     _AccessProtectionRegs

0005f500    17d4 (0005f500)     _MemoryErrorRegs

0005f800    17e0 (0005f800)     _Flash0CtrlRegs

0005fb00    17ec (0005fb00)     _Flash0EccRegs

00078000    1e00 (00078000)     _DcsmZ1Otp

00078200    1e08 (00078200)     _DcsmZ2Otp

00082a2c    20a8 (00082a00)     _PieVectTableInit

00082c58    20b1 (00082c40)     _F28379D_IPC_CPU2_2020a_M


GLOBAL SYMBOLS: SORTED ALPHABETICALLY BY Name 

page  address   name                                            
----  -------   ----                                            
0     00080004  .text                                           
0     000828a3  C$$EXIT                                         
0     00082417  FS$$DIV                                         
0     00080840  _ADCA1_ISR                                      
0     00080ac0  _ADCA2_ISR                                      
0     00080aca  _ADCA3_ISR                                      
0     00080ad4  _ADCA4_ISR                                      
0     00080ab6  _ADCA_EVT_ISR                                   
0     0008084a  _ADCB1_ISR                                      
0     00080ae8  _ADCB2_ISR                                      
0     00080af2  _ADCB3_ISR                                      
0     00080afc  _ADCB4_ISR                                      
0     00080ade  _ADCB_EVT_ISR                                   
0     00080854  _ADCC1_ISR                                      
0     00080c50  _ADCC2_ISR                                      
0     00080c5a  _ADCC3_ISR                                      
0     00080c64  _ADCC4_ISR                                      
0     00080c46  _ADCC_EVT_ISR                                   
0     00080872  _ADCD1_ISR                                      
0     00080c78  _ADCD2_ISR                                      
0     00080c82  _ADCD3_ISR                                      
0     00080c8c  _ADCD4_ISR                                      
0     00080c6e  _ADCD_EVT_ISR                                   
0     00080cc8  _AUX_PLL_SLIP_ISR                               
1     0005f4c0  _AccessProtectionRegs                           
1     00007400  _AdcaRegs                                       
1     00000b00  _AdcaResultRegs                                 
1     00007480  _AdcbRegs                                       
1     00000b20  _AdcbResultRegs                                 
1     00007500  _AdccRegs                                       
1     00000b40  _AdccResultRegs                                 
1     00007580  _AdcdRegs                                       
1     00000b60  _AdcdResultRegs                                 
0     00081ee0  _AuxAuxClkSel                                   
0     00081eca  _AuxIntOsc2Sel                                  
0     00081ed4  _AuxXtalOscSel                                  
0     00080a8e  _CANA0_ISR                                      
0     00080a98  _CANA1_ISR                                      
0     00080aa2  _CANB0_ISR                                      
0     00080aac  _CANB1_ISR                                      
0     00080e88  _CANBitRateSet                                  
0     00080e5d  _CANBitTimingGet                                
0     00080ef5  _CANBitTimingSet                                
0     00080e36  _CANClkSourceSelect                             
0     00080e2e  _CANDisable                                     
0     00080e25  _CANEnable                                      
0     00080fff  _CANErrCntrGet                                  
0     00081213  _CANGlobalIntClear                              
0     00081209  _CANGlobalIntDisable                            
0     00081200  _CANGlobalIntEnable                             
0     0008121c  _CANGlobalIntstatusGet                          
0     00080d78  _CANInit                                        
0     00080f93  _CANIntClear                                    
0     00080f69  _CANIntDisable                                  
0     00080f5b  _CANIntEnable                                   
0     00080f3e  _CANIntRegister                                 
0     00080f79  _CANIntStatus                                   
0     00080f4e  _CANIntUnregister                               
0     000811da  _CANMessageClear                                
0     00081106  _CANMessageGet                                  
0     0008101a  _CANMessageSet                                  
0     00080fcd  _CANRetryGet                                    
0     00080fbc  _CANRetrySet                                    
0     00080fd7  _CANStatusGet                                   
1     000153d6  _CAN_DATATYPE_GROUND                            
0     00080b06  _CLA1_1_ISR                                     
0     00080b10  _CLA1_2_ISR                                     
0     00080b1a  _CLA1_3_ISR                                     
0     00080b24  _CLA1_4_ISR                                     
0     00080b2e  _CLA1_5_ISR                                     
0     00080b38  _CLA1_6_ISR                                     
0     00080b42  _CLA1_7_ISR                                     
0     00080b4c  _CLA1_8_ISR                                     
0     00080cd2  _CLA_OVERFLOW_ISR                               
0     00080cdc  _CLA_UNDERFLOW_ISR                              
1     00001400  _Cla1Regs                                       
0     00000ce0  _Cla1SoftIntRegs                                
1     0005d200  _ClkCfgRegs                                     
1     00005c80  _Cmpss1Regs                                     
1     00005ca0  _Cmpss2Regs                                     
1     00005cc0  _Cmpss3Regs                                     
1     00005ce0  _Cmpss4Regs                                     
1     00005d00  _Cmpss5Regs                                     
1     00005d20  _Cmpss6Regs                                     
1     00005d40  _Cmpss7Regs                                     
1     00005d60  _Cmpss8Regs                                     
0     00082560  _ConfigCpuTimer                                 
1     0005d300  _CpuSysRegs                                     
1     0001531c  _CpuTimer0                                      
1     00000c00  _CpuTimer0Regs                                  
1     00015324  _CpuTimer1                                      
1     00000c08  _CpuTimer1Regs                                  
1     0001532c  _CpuTimer2                                      
1     00000c10  _CpuTimer2Regs                                  
0     00081e89  _CsmUnlock                                      
0     00080796  _DATALOG_ISR                                    
0     000809da  _DMA_CH1_ISR                                    
0     000809e4  _DMA_CH2_ISR                                    
0     000809ee  _DMA_CH3_ISR                                    
0     000809f8  _DMA_CH4_ISR                                    
0     00080a02  _DMA_CH5_ISR                                    
0     00080a0c  _DMA_CH6_ISR                                    
1     00005c00  _DacaRegs                                       
1     00005c10  _DacbRegs                                       
1     00005c20  _DaccRegs                                       
1     0005f070  _DcsmCommonRegs                                 
1     00078000  _DcsmZ1Otp                                      
1     0005f000  _DcsmZ1Regs                                     
1     00078200  _DcsmZ2Otp                                      
1     0005f040  _DcsmZ2Regs                                     
0     00081ca0  _DelayLoop                                      
0     00081d65  _DisableDog                                     
0     00081d26  _DisablePeripheralClocks                        
1     00007980  _DmaClaSrcSelRegs                               
1     00001000  _DmaRegs                                        
0     00080930  _ECAP1_ISR                                      
0     0008093a  _ECAP2_ISR                                      
0     00080944  _ECAP3_ISR                                      
0     0008094e  _ECAP4_ISR                                      
0     00080958  _ECAP5_ISR                                      
0     00080962  _ECAP6_ISR                                      
1     00005000  _ECap1Regs                                      
1     00005020  _ECap2Regs                                      
1     00005040  _ECap3Regs                                      
1     00005060  _ECap4Regs                                      
1     00005080  _ECap5Regs                                      
1     000050a0  _ECap6Regs                                      
0     00080c96  _EMIF_ERROR_ISR                                 
0     00080cf0  _EMPTY_ISR                                      
0     000807aa  _EMU_ISR                                        
0     00080bec  _EPWM10_ISR                                     
0     00080bc4  _EPWM10_TZ_ISR                                  
0     00080bf6  _EPWM11_ISR                                     
0     00080bce  _EPWM11_TZ_ISR                                  
0     00080c00  _EPWM12_ISR                                     
0     00080bd8  _EPWM12_TZ_ISR                                  
0     000808e0  _EPWM1_ISR                                      
0     00080890  _EPWM1_TZ_ISR                                   
0     000808ea  _EPWM2_ISR                                      
0     0008089a  _EPWM2_TZ_ISR                                   
0     000808f4  _EPWM3_ISR                                      
0     000808a4  _EPWM3_TZ_ISR                                   
0     000808fe  _EPWM4_ISR                                      
0     000808ae  _EPWM4_TZ_ISR                                   
0     00080908  _EPWM5_ISR                                      
0     000808b8  _EPWM5_TZ_ISR                                   
0     00080912  _EPWM6_ISR                                      
0     000808c2  _EPWM6_TZ_ISR                                   
0     0008091c  _EPWM7_ISR                                      
0     000808cc  _EPWM7_TZ_ISR                                   
0     00080926  _EPWM8_ISR                                      
0     000808d6  _EPWM8_TZ_ISR                                   
0     00080be2  _EPWM9_ISR                                      
0     00080bba  _EPWM9_TZ_ISR                                   
1     00004900  _EPwm10Regs                                     
1     00004a00  _EPwm11Regs                                     
1     00004b00  _EPwm12Regs                                     
1     00004000  _EPwm1Regs                                      
1     00004100  _EPwm2Regs                                      
1     00004200  _EPwm3Regs                                      
1     00004300  _EPwm4Regs                                      
1     00004400  _EPwm5Regs                                      
1     00004500  _EPwm6Regs                                      
1     00004600  _EPwm7Regs                                      
1     00004700  _EPwm8Regs                                      
1     00004800  _EPwm9Regs                                      
0     0008096c  _EQEP1_ISR                                      
0     00080976  _EQEP2_ISR                                      
0     00080980  _EQEP3_ISR                                      
1     00005100  _EQep1Regs                                      
1     00005140  _EQep2Regs                                      
1     00005180  _EQep3Regs                                      
1     0005f480  _Emif1ConfigRegs                                
1     00047000  _Emif1Regs                                      
1     00047800  _Emif2Regs                                      
0     00000d01  _EmuBMode                                       
0     00000d00  _EmuKey                                         
0     000828eb  _EnableInterrupts                               
1     00015200  _F28379D_IPC_CPU2_2020a_B                       
1     000151c2  _F28379D_IPC_CPU2_2020a_DWork                   
0     00082c58  _F28379D_IPC_CPU2_2020a_M                       
1     00015280  _F28379D_IPC_CPU2_2020a_M_                      
1     000153c0  _F28379D_IPC_CPU2_2020a_P                       
0     00080094  _F28379D_IPC_CPU2_2020a_SetEventsForThisBaseStep
1     000151c0  _F28379D_IPC_CPU2_2020a_X                       
0     00080378  _F28379D_IPC_CPU2_2020a_derivatives             
0     00080619  _F28379D_IPC_CPU2_2020a_initialize              
0     00080270  _F28379D_IPC_CPU2_2020a_step0                   
0     00080387  _F28379D_IPC_CPU2_2020a_step2                   
0     00080781  _F28379D_IPC_CPU2_2020a_terminate               
0     00008037  _F28x_usDelay                                   
0     00080caa  _FLASH_CORRECTABLE_ERROR_ISR                    
0     00080b7e  _FPU_OVERFLOW_ISR                               
0     00080b88  _FPU_UNDERFLOW_ISR                              
1     0005f800  _Flash0CtrlRegs                                 
1     0005fb00  _Flash0EccRegs                                  
0     00008029  _FlashOff                                       
1     00050024  _FlashPumpSemaphoreRegs                         
1     000153fc  _GPIO_oneTimeInit                               
1     00007f00  _GpioDataRegs                                   
0     00081efe  _HALT                                           
0     00081f01  _HIB                                            
0     00080a20  _I2CA_FIFO_ISR                                  
0     00080a16  _I2CA_ISR                                       
0     00080a34  _I2CB_FIFO_ISR                                  
0     00080a2a  _I2CB_ISR                                       
1     00007300  _I2caRegs                                       
1     00007340  _I2cbRegs                                       
0     00081eea  _IDLE                                           
0     000807be  _ILLEGAL_ISR                                    
0     00080b92  _IPC0_ISR                                       
0     00082781  _IPC1_INT_isr                                   
0     00080b9c  _IPC1_ISR                                       
0     00080ba6  _IPC2_ISR                                       
0     00080bb0  _IPC3_ISR                                       
0     00081594  _IPCInit                                        
0     00081a25  _IPCLiteLtoRClearBits                           
0     00081a53  _IPCLiteLtoRClearBits_Protected                 
0     000819a2  _IPCLiteLtoRDataRead                            
0     00081a81  _IPCLiteLtoRDataWrite                           
0     00081aaa  _IPCLiteLtoRDataWrite_Protected                 
0     00081ad3  _IPCLiteLtoRFunctionCall                        
0     00081987  _IPCLiteLtoRGetResult                           
0     000819c9  _IPCLiteLtoRSetBits                             
0     000819f7  _IPCLiteLtoRSetBits_Protected                   
0     00081af3  _IPCLiteReqMemAccess                            
0     00081bac  _IPCLiteRtoLClearBits                           
0     00081be1  _IPCLiteRtoLClearBits_Protected                 
0     00081b17  _IPCLiteRtoLDataRead                            
0     00081c19  _IPCLiteRtoLDataWrite                           
0     00081c4b  _IPCLiteRtoLDataWrite_Protected                 
0     00081c80  _IPCLiteRtoLFunctionCall                        
0     00081b43  _IPCLiteRtoLSetBits                             
0     00081b76  _IPCLiteRtoLSetBits_Protected                   
0     00081df7  _InitAuxPll                                     
0     0008251f  _InitCpuTimers                                  
0     00008000  _InitFlash                                      
0     00081cac  _InitPeripheralClocks                           
0     000828cc  _InitPieCtrl                                    
0     0008291b  _InitPieVectTable                               
0     00081ca7  _InitSysCtrl                                    
0     00081d73  _InitSysPll                                     
0     000829ca  _IntDefaultHandler                              
0     000821ee  _IntDisable                                     
0     0008215b  _IntEnable                                      
0     0008226e  _IntIFRClear                                    
0     00082127  _IntMasterDisable                               
0     0008211f  _IntMasterEnable                                
0     0008212f  _IntRegister                                    
0     00082144  _IntUnregister                                  
1     00015340  _IpcGSlocation1                                 
1     00015380  _IpcGSlocation2                                 
1     00050000  _IpcRegs                                        
1     000153f5  _IsrOverrun                                     
0     000809b2  _MCBSPA_RX_ISR                                  
0     000809bc  _MCBSPA_TX_ISR                                  
0     000809c6  _MCBSPB_RX_ISR                                  
0     000809d0  _MCBSPB_TX_ISR                                  
1     0003f920  _MW_GetReadIndexes                              
0     0003fd00  _MW_GetWriteIndexes                             
0     0003fc00  _MW_IPCCPU1toCPU2Buffers                        
1     0003f800  _MW_IPCCPU2toCPU1Buffers                        
0     0008151e  _MW_IPC_Read_GSRAM                              
0     0008146d  _MW_IPC_Receive                                 
0     000813b4  _MW_IPC_StatusCheck                             
0     00081229  _MW_IPC_Transmit                                
0     0008130f  _MW_IPC_Write_GSRAM                             
0     0003fd20  _MW_PutReadIndexes                              
1     0003f900  _MW_PutWriteIndexes                             
1     0003f980  _MW_READFLAGBUFF1                               
1     0003f9a0  _MW_READFLAGBUFF2                               
0     0003fd80  _MW_READSTATUSBUFF1                             
0     0003fda0  _MW_READSTATUSBUFF2                             
1     0003f940  _MW_WRITEFLAGBUFF1                              
1     0003f960  _MW_WRITEFLAGBUFF2                              
0     0003fd40  _MW_WRITESTATUSBUFF1                            
0     0003fd60  _MW_WRITESTATUSBUFF2                            
1     00006000  _McbspaRegs                                     
1     00006040  _McbspbRegs                                     
1     0005f400  _MemCfgRegs                                     
1     0005f500  _MemoryErrorRegs                                
0     000807b4  _NMI_ISR                                        
0     00080cfd  _NOTUSED_ISR                                    
1     00007060  _NmiIntruptRegs                                 
0     00080ce6  _PIE_RESERVED_ISR                               
1     00000ce0  _PieCtrlRegs                                    
0     00000d00  _PieVectTable                                   
0     00082a2c  _PieVectTableInit                               
0     00080cb4  _RAM_ACCESS_VIOLATION_ISR                       
0     00080ca0  _RAM_CORRECTABLE_ERROR_ISR                      
0     000807a0  _RTOS_ISR                                       
0     00082a2b  _RamfuncsLoadEnd                                
abs   0000003b  _RamfuncsLoadSize                               
0     000829f0  _RamfuncsLoadStart                              
0     0000803b  _RamfuncsRunEnd                                 
abs   0000003b  _RamfuncsRunSize                                
0     00008000  _RamfuncsRunStart                               
0     00081d4d  _ReleaseFlashPump                               
0     00080a66  _SCIA_RX_ISR                                    
0     00080a70  _SCIA_TX_ISR                                    
0     00080a7a  _SCIB_RX_ISR                                    
0     00080a84  _SCIB_TX_ISR                                    
0     00080a3e  _SCIC_RX_ISR                                    
0     00080a48  _SCIC_TX_ISR                                    
0     00080a52  _SCID_RX_ISR                                    
0     00080a5c  _SCID_TX_ISR                                    
0     00080c0a  _SD1_ISR                                        
0     00080c14  _SD2_ISR                                        
0     0008098a  _SPIA_RX_ISR                                    
0     00080994  _SPIA_TX_ISR                                    
0     0008099e  _SPIB_RX_ISR                                    
0     000809a8  _SPIB_TX_ISR                                    
0     00080c1e  _SPIC_RX_ISR                                    
0     00080c28  _SPIC_TX_ISR                                    
0     00081ef3  _STANDBY                                        
0     00080cbe  _SYS_PLL_SLIP_ISR                               
1     00007200  _SciaRegs                                       
1     00007210  _ScibRegs                                       
1     00007220  _ScicRegs                                       
1     00007230  _ScidRegs                                       
1     00005e00  _Sdfm1Regs                                      
1     00005e80  _Sdfm2Regs                                      
0     00081d3e  _SeizeFlashPump                                 
0     00081d57  _ServiceDog                                     
1     00006100  _SpiaRegs                                       
1     00006110  _SpibRegs                                       
1     00006120  _SpicRegs                                       
0     00081eaa  _SysIntOsc1Sel                                  
0     00081eb4  _SysIntOsc2Sel                                  
0     00081ebe  _SysXtalOscSel                                  
0     0008087c  _TIMER0_ISR                                     
0     00080782  _TIMER1_ISR                                     
0     0008078c  _TIMER2_ISR                                     
0     000827c7  _TINT0_isr                                      
0     00080c32  _UPPA_ISR                                       
0     00080c3c  _USBA_ISR                                       
0     00080822  _USER10_ISR                                     
0     0008082c  _USER11_ISR                                     
0     00080836  _USER12_ISR                                     
0     000807c8  _USER1_ISR                                      
0     000807d2  _USER2_ISR                                      
0     000807dc  _USER3_ISR                                      
0     000807e6  _USER4_ISR                                      
0     000807f0  _USER5_ISR                                      
0     000807fa  _USER6_ISR                                      
0     00080804  _USER7_ISR                                      
0     0008080e  _USER8_ISR                                      
0     00080818  _USER9_ISR                                      
0     00080b74  _VCU_ISR                                        
0     00080886  _WAKE_ISR                                       
1     00007000  _WdRegs                                         
0     0008085e  _XINT1_ISR                                      
0     00080868  _XINT2_ISR                                      
0     00080b56  _XINT3_ISR                                      
0     00080b60  _XINT4_ISR                                      
0     00080b6a  _XINT5_ISR                                      
1     00007070  _XintRegs                                       
1     00000280  __STACK_END                                     
abs   00000200  __STACK_SIZE                                    
1     000153e8  ___TI_cleanup_ptr                               
1     000153ea  ___TI_dtors_ptr                                 
1     000153e6  ___TI_enable_exit_profile_output                
abs   ffffffff  ___TI_pprof_out_hndl                            
abs   ffffffff  ___TI_prof_data_size                            
abs   ffffffff  ___TI_prof_data_start                           
abs   ffffffff  ___binit__                                      
abs   ffffffff  ___c_args__                                     
0     00082c60  ___cinit__                                      
0     000829ed  ___etext__                                      
abs   ffffffff  ___pinit__                                      
0     00080004  ___text__                                       
0     000829a0  __args_main                                     
1     000153f8  __lock                                          
0     000829e1  __nop                                           
0     000829dd  __register_lock                                 
0     000829d9  __register_unlock                               
1     00000080  __stack                                         
0     000829ec  __system_post_cinit                             
0     000829ea  __system_pre_init                               
1     000153fa  __unlock                                        
0     000828a3  _abort                                          
0     000824a6  _c2000_flash_init                               
0     0008272b  _c_int00                                        
0     000824ca  _configureCPU2Peripherals                       
0     00082981  _configureGPIOExtInterrupt                      
0     000824f8  _configureInputXBar                             
0     0008259b  _configureTimer0                                
0     00082941  _copy_in                                        
0     000829b9  _copysign                                       
0     000829b9  _copysignf                                      
0     000825ec  _disableTimer0Interrupt                         
0     00082965  _disableWatchdog                                
0     00082982  _enableExtInterrupt                             
0     000825e4  _enableTimer0Interrupt                          
0     00082970  _enable_interrupts                              
1     000153fd  _errno                                          
0     000828a5  _exit                                           
0     0008267a  _floor                                          
0     0008267a  _floorf                                         
0     000824a3  _globalInterruptDisable                         
0     0008249f  _globalInterruptEnable                          
0     000824b5  _initSetGPIOIPC                                 
0     0008284f  _init_board                                     
0     0008260d  _init_eCAN_B                                    
1     000153ee  _isInitialized                                  
1     000153ef  _isRateRunning                                  
0     00080029  _isr_int1pie14_task_fcn                         
0     000826d3  _ldexp                                          
0     000826d3  _ldexpf                                         
0     00082332  _main                                           
0     00082983  _memcpy                                         
1     00015000  _mwCMIpcControllerTx                            
1     0000d000  _mwChannel1Buff1                                
1     0000d008  _mwChannel1Buff2                                
1     00015000  _mwIpcControllerTx                              
1     000153f2  _need2runFlags                                  
0     0008161e  _pow                                            
0     0008161e  _powf                                           
0     00082602  _restoreTimer0Interrupt                         
0     0008280b  _rtGetInf                                       
0     00082824  _rtGetInfF                                      
0     0008282d  _rtGetMinusInf                                  
0     00082846  _rtGetMinusInfF                                 
0     00082879  _rtGetNaN                                       
0     00082892  _rtGetNaNF                                      
1     00015334  _rtInf                                          
1     0001533a  _rtInfF                                         
0     000823ad  _rtIsInf                                        
0     000823c5  _rtIsInfF                                       
0     000823dd  _rtIsNaN                                        
0     00082400  _rtIsNaNF                                       
1     00015336  _rtMinusInf                                     
1     0001533c  _rtMinusInfF                                    
1     00015338  _rtNaN                                          
1     0001533e  _rtNaNF                                         
0     00082385  _rt_InitInfAndNaN                               
0     000822ed  _rt_OneStep                                     
0     0008020c  _rt_atan2f_snf                                  
0     00081fc0  _rt_powd_snf                                    
0     00081f0d  _rt_powf_snf                                    
1     000153f7  _runModel                                       
0     000826d3  _scalbn                                         
0     000826d3  _scalbnf                                        
0     000828f4  _sqrt                                           
0     000828f4  _sqrtf                                          
1     000153f6  _stopRequested                                  
1     000153ed  _tempChNum_read                                 
1     000153ec  _tempChNum_write                                
0     000820ab  _uint16Tofloat16                                
abs   ffffffff  binit                                           
0     00082c60  cinit                                           
0     00080000  code_start                                      
0     000829ed  etext                                           
abs   ffffffff  pinit                                           


GLOBAL SYMBOLS: SORTED BY Symbol Address 

page  address   name                                            
----  -------   ----                                            
0     00000ce0  _Cla1SoftIntRegs                                
0     00000d00  _EmuKey                                         
0     00000d00  _PieVectTable                                   
0     00000d01  _EmuBMode                                       
0     00008000  _InitFlash                                      
0     00008000  _RamfuncsRunStart                               
0     00008029  _FlashOff                                       
0     00008037  _F28x_usDelay                                   
0     0000803b  _RamfuncsRunEnd                                 
0     0003fc00  _MW_IPCCPU1toCPU2Buffers                        
0     0003fd00  _MW_GetWriteIndexes                             
0     0003fd20  _MW_PutReadIndexes                              
0     0003fd40  _MW_WRITESTATUSBUFF1                            
0     0003fd60  _MW_WRITESTATUSBUFF2                            
0     0003fd80  _MW_READSTATUSBUFF1                             
0     0003fda0  _MW_READSTATUSBUFF2                             
0     00080000  code_start                                      
0     00080004  .text                                           
0     00080004  ___text__                                       
0     00080029  _isr_int1pie14_task_fcn                         
0     00080094  _F28379D_IPC_CPU2_2020a_SetEventsForThisBaseStep
0     0008020c  _rt_atan2f_snf                                  
0     00080270  _F28379D_IPC_CPU2_2020a_step0                   
0     00080378  _F28379D_IPC_CPU2_2020a_derivatives             
0     00080387  _F28379D_IPC_CPU2_2020a_step2                   
0     00080619  _F28379D_IPC_CPU2_2020a_initialize              
0     00080781  _F28379D_IPC_CPU2_2020a_terminate               
0     00080782  _TIMER1_ISR                                     
0     0008078c  _TIMER2_ISR                                     
0     00080796  _DATALOG_ISR                                    
0     000807a0  _RTOS_ISR                                       
0     000807aa  _EMU_ISR                                        
0     000807b4  _NMI_ISR                                        
0     000807be  _ILLEGAL_ISR                                    
0     000807c8  _USER1_ISR                                      
0     000807d2  _USER2_ISR                                      
0     000807dc  _USER3_ISR                                      
0     000807e6  _USER4_ISR                                      
0     000807f0  _USER5_ISR                                      
0     000807fa  _USER6_ISR                                      
0     00080804  _USER7_ISR                                      
0     0008080e  _USER8_ISR                                      
0     00080818  _USER9_ISR                                      
0     00080822  _USER10_ISR                                     
0     0008082c  _USER11_ISR                                     
0     00080836  _USER12_ISR                                     
0     00080840  _ADCA1_ISR                                      
0     0008084a  _ADCB1_ISR                                      
0     00080854  _ADCC1_ISR                                      
0     0008085e  _XINT1_ISR                                      
0     00080868  _XINT2_ISR                                      
0     00080872  _ADCD1_ISR                                      
0     0008087c  _TIMER0_ISR                                     
0     00080886  _WAKE_ISR                                       
0     00080890  _EPWM1_TZ_ISR                                   
0     0008089a  _EPWM2_TZ_ISR                                   
0     000808a4  _EPWM3_TZ_ISR                                   
0     000808ae  _EPWM4_TZ_ISR                                   
0     000808b8  _EPWM5_TZ_ISR                                   
0     000808c2  _EPWM6_TZ_ISR                                   
0     000808cc  _EPWM7_TZ_ISR                                   
0     000808d6  _EPWM8_TZ_ISR                                   
0     000808e0  _EPWM1_ISR                                      
0     000808ea  _EPWM2_ISR                                      
0     000808f4  _EPWM3_ISR                                      
0     000808fe  _EPWM4_ISR                                      
0     00080908  _EPWM5_ISR                                      
0     00080912  _EPWM6_ISR                                      
0     0008091c  _EPWM7_ISR                                      
0     00080926  _EPWM8_ISR                                      
0     00080930  _ECAP1_ISR                                      
0     0008093a  _ECAP2_ISR                                      
0     00080944  _ECAP3_ISR                                      
0     0008094e  _ECAP4_ISR                                      
0     00080958  _ECAP5_ISR                                      
0     00080962  _ECAP6_ISR                                      
0     0008096c  _EQEP1_ISR                                      
0     00080976  _EQEP2_ISR                                      
0     00080980  _EQEP3_ISR                                      
0     0008098a  _SPIA_RX_ISR                                    
0     00080994  _SPIA_TX_ISR                                    
0     0008099e  _SPIB_RX_ISR                                    
0     000809a8  _SPIB_TX_ISR                                    
0     000809b2  _MCBSPA_RX_ISR                                  
[...]
0     00080c64  _ADCC4_ISR                                      
0     00080c6e  _ADCD_EVT_ISR                                   
0     00080c78  _ADCD2_ISR                                      
0     00080c82  _ADCD3_ISR                                      
0     00080c8c  _ADCD4_ISR                                      
0     00080c96  _EMIF_ERROR_ISR                                 
0     00080ca0  _RAM_CORRECTABLE_ERROR_ISR                      
0     00080caa  _FLASH_CORRECTABLE_ERROR_ISR                    
0     00080cb4  _RAM_ACCESS_VIOLATION_ISR                       
0     00080cbe  _SYS_PLL_SLIP_ISR                               
0     00080cc8  _AUX_PLL_SLIP_ISR                               
0     00080cd2  _CLA_OVERFLOW_ISR                               
0     00080cdc  _CLA_UNDERFLOW_ISR                              
0     00080ce6  _PIE_RESERVED_ISR                               
0     00080cf0  _EMPTY_ISR                                      
0     00080cfd  _NOTUSED_ISR                                    
0     00080d78  _CANInit                                        
0     00080e25  _CANEnable                                      
0     00080e2e  _CANDisable                                     
0     00080e36  _CANClkSourceSelect                             
0     00080e5d  _CANBitTimingGet                                
0     00080e88  _CANBitRateSet                                  
0     00080ef5  _CANBitTimingSet                                
0     00080f3e  _CANIntRegister                                 
0     00080f4e  _CANIntUnregister                               
0     00080f5b  _CANIntEnable                                   
0     00080f69  _CANIntDisable                                  
0     00080f79  _CANIntStatus                                   
0     00080f93  _CANIntClear                                    
0     00080fbc  _CANRetrySet                                    
0     00080fcd  _CANRetryGet                                    
0     00080fd7  _CANStatusGet                                   
0     00080fff  _CANErrCntrGet                                  
0     0008101a  _CANMessageSet                                  
0     00081106  _CANMessageGet                                  
0     000811da  _CANMessageClear                                
0     00081200  _CANGlobalIntEnable                             
0     00081209  _CANGlobalIntDisable                            
0     00081213  _CANGlobalIntClear                              
0     0008121c  _CANGlobalIntstatusGet                          
0     00081229  _MW_IPC_Transmit                                
0     0008130f  _MW_IPC_Write_GSRAM                             
0     000813b4  _MW_IPC_StatusCheck                             
0     0008146d  _MW_IPC_Receive                                 
0     0008151e  _MW_IPC_Read_GSRAM                              
0     00081594  _IPCInit                                        
0     0008161e  _pow                                            
0     0008161e  _powf                                           
0     00081987  _IPCLiteLtoRGetResult                           
0     000819a2  _IPCLiteLtoRDataRead                            
0     000819c9  _IPCLiteLtoRSetBits                             
0     000819f7  _IPCLiteLtoRSetBits_Protected                   
0     00081a25  _IPCLiteLtoRClearBits                           
0     00081a53  _IPCLiteLtoRClearBits_Protected                 
0     00081a81  _IPCLiteLtoRDataWrite                           
0     00081aaa  _IPCLiteLtoRDataWrite_Protected                 
0     00081ad3  _IPCLiteLtoRFunctionCall                        
0     00081af3  _IPCLiteReqMemAccess                            
0     00081b17  _IPCLiteRtoLDataRead                            
0     00081b43  _IPCLiteRtoLSetBits                             
0     00081b76  _IPCLiteRtoLSetBits_Protected                   
0     00081bac  _IPCLiteRtoLClearBits                           
0     00081be1  _IPCLiteRtoLClearBits_Protected                 
0     00081c19  _IPCLiteRtoLDataWrite                           
0     00081c4b  _IPCLiteRtoLDataWrite_Protected                 
0     00081c80  _IPCLiteRtoLFunctionCall                        
0     00081ca0  _DelayLoop                                      
0     00081ca7  _InitSysCtrl                                    
0     00081cac  _InitPeripheralClocks                           
0     00081d26  _DisablePeripheralClocks                        
0     00081d3e  _SeizeFlashPump                                 
0     00081d4d  _ReleaseFlashPump                               
0     00081d57  _ServiceDog                                     
0     00081d65  _DisableDog                                     
0     00081d73  _InitSysPll                                     
0     00081df7  _InitAuxPll                                     
0     00081e89  _CsmUnlock                                      
0     00081eaa  _SysIntOsc1Sel                                  
0     00081eb4  _SysIntOsc2Sel                                  
0     00081ebe  _SysXtalOscSel                                  
0     00081eca  _AuxIntOsc2Sel                                  
0     00081ed4  _AuxXtalOscSel                                  
0     00081ee0  _AuxAuxClkSel                                   
0     00081eea  _IDLE                                           
0     00081ef3  _STANDBY                                        
0     00081efe  _HALT                                           
0     00081f01  _HIB                                            
0     00081f0d  _rt_powf_snf                                    
0     00081fc0  _rt_powd_snf                                    
0     000820ab  _uint16Tofloat16                                
0     0008211f  _IntMasterEnable                                
0     00082127  _IntMasterDisable                               
0     0008212f  _IntRegister                                    
0     00082144  _IntUnregister                                  
0     0008215b  _IntEnable                                      
0     000821ee  _IntDisable                                     
0     0008226e  _IntIFRClear                                    
0     000822ed  _rt_OneStep                                     
0     00082332  _main                                           
0     00082385  _rt_InitInfAndNaN                               
0     000823ad  _rtIsInf                                        
0     000823c5  _rtIsInfF                                       
0     000823dd  _rtIsNaN                                        
0     00082400  _rtIsNaNF                                       
0     00082417  FS$$DIV                                         
0     0008249f  _globalInterruptEnable                          
0     000824a3  _globalInterruptDisable                         
0     000824a6  _c2000_flash_init                               
0     000824b5  _initSetGPIOIPC                                 
0     000824ca  _configureCPU2Peripherals                       
0     000824f8  _configureInputXBar                             
0     0008251f  _InitCpuTimers                                  
0     00082560  _ConfigCpuTimer                                 
0     0008259b  _configureTimer0                                
0     000825e4  _enableTimer0Interrupt                          
0     000825ec  _disableTimer0Interrupt                         
0     00082602  _restoreTimer0Interrupt                         
0     0008260d  _init_eCAN_B                                    
0     0008267a  _floor                                          
0     0008267a  _floorf                                         
0     000826d3  _ldexp                                          
0     000826d3  _ldexpf                                         
0     000826d3  _scalbn                                         
0     000826d3  _scalbnf                                        
0     0008272b  _c_int00                                        
0     00082781  _IPC1_INT_isr                                   
0     000827c7  _TINT0_isr                                      
0     0008280b  _rtGetInf                                       
0     00082824  _rtGetInfF                                      
0     0008282d  _rtGetMinusInf                                  
0     00082846  _rtGetMinusInfF                                 
0     0008284f  _init_board                                     
0     00082879  _rtGetNaN                                       
0     00082892  _rtGetNaNF                                      
0     000828a3  C$$EXIT                                         
0     000828a3  _abort                                          
0     000828a5  _exit                                           
0     000828cc  _InitPieCtrl                                    
0     000828eb  _EnableInterrupts                               
0     000828f4  _sqrt                                           
0     000828f4  _sqrtf                                          
0     0008291b  _InitPieVectTable                               
0     00082941  _copy_in                                        
0     00082965  _disableWatchdog                                
0     00082970  _enable_interrupts                              
0     00082981  _configureGPIOExtInterrupt                      
0     00082982  _enableExtInterrupt                             
0     00082983  _memcpy                                         
0     000829a0  __args_main                                     
0     000829b9  _copysign                                       
0     000829b9  _copysignf                                      
0     000829ca  _IntDefaultHandler                              
0     000829d9  __register_unlock                               
0     000829dd  __register_lock                                 
0     000829e1  __nop                                           
0     000829ea  __system_pre_init                               
0     000829ec  __system_post_cinit                             
0     000829ed  ___etext__                                      
0     000829ed  etext                                           
0     000829f0  _RamfuncsLoadStart                              
0     00082a2b  _RamfuncsLoadEnd                                
0     00082a2c  _PieVectTableInit                               
0     00082c58  _F28379D_IPC_CPU2_2020a_M                       
0     00082c60  ___cinit__                                      
0     00082c60  cinit                                           
1     00000080  __stack                                         
1     00000280  __STACK_END                                     
1     00000b00  _AdcaResultRegs                                 
1     00000b20  _AdcbResultRegs                                 
1     00000b40  _AdccResultRegs                                 
1     00000b60  _AdcdResultRegs                                 
1     00000c00  _CpuTimer0Regs                                  
1     00000c08  _CpuTimer1Regs                                  
1     00000c10  _CpuTimer2Regs                                  
1     00000ce0  _PieCtrlRegs                                    
1     00001000  _DmaRegs                                        
1     00001400  _Cla1Regs                                       
1     00004000  _EPwm1Regs                                      
1     00004100  _EPwm2Regs                                      
1     00004200  _EPwm3Regs                                      
1     00004300  _EPwm4Regs                                      
1     00004400  _EPwm5Regs                                      
1     00004500  _EPwm6Regs                                      
1     00004600  _EPwm7Regs                                      
1     00004700  _EPwm8Regs                                      
1     00004800  _EPwm9Regs                                      
1     00004900  _EPwm10Regs                                     
1     00004a00  _EPwm11Regs                                     
1     00004b00  _EPwm12Regs                                     
1     00005000  _ECap1Regs                                      
1     00005020  _ECap2Regs                                      
1     00005040  _ECap3Regs                                      
1     00005060  _ECap4Regs                                      
1     00005080  _ECap5Regs                                      
1     000050a0  _ECap6Regs                                      
1     00005100  _EQep1Regs                                      
1     00005140  _EQep2Regs                                      
1     00005180  _EQep3Regs                                      
1     00005c00  _DacaRegs                                       
1     00005c10  _DacbRegs                                       
1     00005c20  _DaccRegs                                       
1     00005c80  _Cmpss1Regs                                     
1     00005ca0  _Cmpss2Regs                                     
1     00005cc0  _Cmpss3Regs                                     
1     00005ce0  _Cmpss4Regs                                     
1     00005d00  _Cmpss5Regs                                     
1     00005d20  _Cmpss6Regs                                     
1     00005d40  _Cmpss7Regs                                     
1     00005d60  _Cmpss8Regs                                     
1     00005e00  _Sdfm1Regs                                      
1     00005e80  _Sdfm2Regs                                      
1     00006000  _McbspaRegs                                     
1     00006040  _McbspbRegs                                     
1     00006100  _SpiaRegs                                       
1     00006110  _SpibRegs                                       
1     00006120  _SpicRegs                                       
1     00007000  _WdRegs                                         
1     00007060  _NmiIntruptRegs                                 
1     00007070  _XintRegs                                       
1     00007200  _SciaRegs                                       
1     00007210  _ScibRegs                                       
1     00007220  _ScicRegs                                       
1     00007230  _ScidRegs                                       
1     00007300  _I2caRegs                                       
1     00007340  _I2cbRegs                                       
1     00007400  _AdcaRegs                                       
1     00007480  _AdcbRegs                                       
1     00007500  _AdccRegs                                       
1     00007580  _AdcdRegs                                       
1     00007980  _DmaClaSrcSelRegs                               
1     00007f00  _GpioDataRegs                                   
1     0000d000  _mwChannel1Buff1                                
1     0000d008  _mwChannel1Buff2                                
1     00015000  _mwCMIpcControllerTx                            
1     00015000  _mwIpcControllerTx                              
1     000151c0  _F28379D_IPC_CPU2_2020a_X                       
1     000151c2  _F28379D_IPC_CPU2_2020a_DWork                   
1     00015200  _F28379D_IPC_CPU2_2020a_B                       
1     00015280  _F28379D_IPC_CPU2_2020a_M_                      
1     0001531c  _CpuTimer0                                      
1     00015324  _CpuTimer1                                      
1     0001532c  _CpuTimer2                                      
1     00015334  _rtInf                                          
1     00015336  _rtMinusInf                                     
1     00015338  _rtNaN                                          
1     0001533a  _rtInfF                                         
1     0001533c  _rtMinusInfF                                    
1     0001533e  _rtNaNF                                         
1     00015340  _IpcGSlocation1                                 
1     00015380  _IpcGSlocation2                                 
1     000153c0  _F28379D_IPC_CPU2_2020a_P                       
1     000153d6  _CAN_DATATYPE_GROUND                            
1     000153e6  ___TI_enable_exit_profile_output                
1     000153e8  ___TI_cleanup_ptr                               
1     000153ea  ___TI_dtors_ptr                                 
1     000153ec  _tempChNum_write                                
1     000153ed  _tempChNum_read                                 
1     000153ee  _isInitialized                                  
1     000153ef  _isRateRunning                                  
1     000153f2  _need2runFlags                                  
1     000153f5  _IsrOverrun                                     
1     000153f6  _stopRequested                                  
1     000153f7  _runModel                                       
1     000153f8  __lock                                          
1     000153fa  __unlock                                        
1     000153fc  _GPIO_oneTimeInit                               
1     000153fd  _errno                                          
1     0003f800  _MW_IPCCPU2toCPU1Buffers                        
1     0003f900  _MW_PutWriteIndexes                             
1     0003f920  _MW_GetReadIndexes                              
1     0003f940  _MW_WRITEFLAGBUFF1                              
1     0003f960  _MW_WRITEFLAGBUFF2                              
1     0003f980  _MW_READFLAGBUFF1                               
1     0003f9a0  _MW_READFLAGBUFF2                               
1     00047000  _Emif1Regs                                      
1     00047800  _Emif2Regs                                      
1     00050000  _IpcRegs                                        
1     00050024  _FlashPumpSemaphoreRegs                         
1     0005d200  _ClkCfgRegs                                     
1     0005d300  _CpuSysRegs                                     
1     0005f000  _DcsmZ1Regs                                     
1     0005f040  _DcsmZ2Regs                                     
1     0005f070  _DcsmCommonRegs                                 
1     0005f400  _MemCfgRegs                                     
1     0005f480  _Emif1ConfigRegs                                
1     0005f4c0  _AccessProtectionRegs                           
1     0005f500  _MemoryErrorRegs                                
1     0005f800  _Flash0CtrlRegs                                 
1     0005fb00  _Flash0EccRegs                                  
1     00078000  _DcsmZ1Otp                                      
1     00078200  _DcsmZ2Otp                                      
abs   0000003b  _RamfuncsLoadSize                               
abs   0000003b  _RamfuncsRunSize                                
abs   00000200  __STACK_SIZE                                    
abs   ffffffff  ___TI_pprof_out_hndl                            
abs   ffffffff  ___TI_prof_data_size                            
abs   ffffffff  ___TI_prof_data_start                           
abs   ffffffff  ___binit__                                      
abs   ffffffff  ___c_args__                                     
abs   ffffffff  ___pinit__                                      
abs   ffffffff  binit                                           
abs   ffffffff  pinit                                           

[454 symbols]
